###############################################################################
#
# IAR ELF Linker V3.10.1.201 for STM8                     01/Aug/2017  20:56:50
# Copyright 2010-2017 IAR Systems AB.
#
#    Output file  =  D:\stm8_project\p2\Debug\Exe\ad_demo.out
#    Map file     =  D:\stm8_project\p2\Debug\List\ad_demo.map
#    Command line =  
#        -f C:\Users\12477\AppData\Local\Temp\EW1C01.tmp
#        (D:\stm8_project\p2\Debug\Obj\adc.o
#        D:\stm8_project\p2\Debug\Obj\delay.o
#        D:\stm8_project\p2\Debug\Obj\led.o D:\stm8_project\p2\Debug\Obj\main.o
#        D:\stm8_project\p2\Debug\Obj\stm8s_adc1.o
#        D:\stm8_project\p2\Debug\Obj\stm8s_gpio.o
#        D:\stm8_project\p2\Debug\Obj\stm8s_it.o
#        D:\stm8_project\p2\Debug\Obj\stm8s_tim2.o --redirect
#        _Printf=_PrintfFullNoMb --redirect _Scanf=_ScanfFullNoMb -o
#        D:\stm8_project\p2\Debug\Exe\ad_demo.out --map
#        D:\stm8_project\p2\Debug\List\ad_demo.map --config
#        E:\stm8\config\lnkstm8s103f3.icf --config_def _CSTACK_SIZE=0x100
#        --config_def _HEAP_SIZE=0x100 --entry __iar_program_start --debug_lib)
#
###############################################################################

*******************************************************************************
*** RUNTIME MODEL ATTRIBUTES
***

__SystemLibrary            = DLib
__code_model               = small
__core                     = stm8
__data_model               = medium
__dlib_file_descriptor     = 0
__dlib_full_locale_support = 0
__rt_version               = 4


*******************************************************************************
*** PLACEMENT SUMMARY
***

"A0":  place at start of [0x000000-0x0000ff] { rw section .vregs };
"A1":  place at end of [0x000000-0x0003ff] { block CSTACK };
"P2":  place in [from 0x000000 to 0x0003ff] {
          block HEAP, rw section __DLIB_PERTHREAD, rw section .far.bss,
          rw section .far.data, rw section .far.noinit,
          rw section .far_func.textrw, rw section .huge.bss,
          rw section .huge.data, rw section .huge.noinit,
          rw section .huge_func.textrw, rw section .iar.dynexit,
          rw section .near.bss, rw section .near.data, rw section .near.noinit,
          rw section .near_func.textrw };
"A2":  place at start of [0x008000-0x009fff] { block INTVEC };
"P3":  place in [from 0x008000 to 0x009fff] {
          ro section __DLIB_PERTHREAD_init, ro section .far.data_init,
          ro section .far_func.textrw_init, ro section .huge.data_init,
          ro section .huge_func.textrw_init, ro section .iar.init_table,
          ro section .init_array, ro section .near.data_init,
          ro section .near.rodata, ro section .near_func.text,
          ro section .near_func.textrw_init, ro section .tiny.data_init,
          ro section .tiny.rodata_init };
"P4":  place in [from 0x008000 to 0x009fff] {
          ro section .far.rodata, ro section .far_func.text };
"P5":  place in [from 0x008000 to 0x009fff] {
          ro section .huge.rodata, ro section .huge_func.text };
do not initialize {
   rw section .eeprom.noinit, rw section .far.noinit, rw section .huge.noinit,
   rw section .near.noinit, rw section .tiny.noinit, rw section .vregs };
initialize by copy {
   rw section .far.bss, rw section .far.data, rw section .far_func.textrw,
   rw section .huge.bss, rw section .huge.data, rw section .huge_func.textrw,
   rw section .iar.dynexit, rw section .near.bss, rw section .near.data,
   rw section .near_func.textrw, rw section .tiny.bss, rw section .tiny.data,
   ro section .tiny.rodata };

  Section            Kind      Address    Size  Object
  -------            ----      -------    ----  ------
"A0":                                     0x10
  .vregs             uninit   0x000000    0x10  vregs.o [4]
                            - 0x000010    0x10

"P2":                                     0x10
  P2-1                        0x000010    0x10  <Init block>
    .near.data       inited   0x000010     0x1  main.o [1]
    .near.data       inited   0x000011     0x1  main.o [1]
    .near.bss        inited   0x000012     0x1  main.o [1]
    .near.bss        inited   0x000013     0x1  main.o [1]
    .near.bss        inited   0x000014     0x1  main.o [1]
    .near.bss        inited   0x000015     0x1  main.o [1]
    .near.bss        inited   0x000016     0x2  main.o [1]
    .near.bss        inited   0x000018     0x2  main.o [1]
    .near.bss        inited   0x00001a     0x2  main.o [1]
    .near.bss        inited   0x00001c     0x4  main.o [1]
                            - 0x000020    0x10

"A1":                                    0x100
  CSTACK                      0x000300   0x100  <Block>
    CSTACK           uninit   0x000300   0x100  <Block tail>
                            - 0x000400   0x100

"A2":                                     0x80
  INTVEC                      0x008000    0x80  <Block>
    .intvec          const    0x008000    0x80  interrupt.o [4]
                            - 0x008080    0x80

"P3-P5":                                0x1064
  .near_func.text    ro code  0x008080   0x298  led.o [1]
  .near_func.text    ro code  0x008318   0x27a  main.o [1]
  .near_func.text    ro code  0x008592   0x19a  stm8s_adc1.o [1]
  .near_func.text    ro code  0x00872c   0x110  stm8s_gpio.o [1]
  .near_func.text    ro code  0x00883c    0xfc  stm8s_adc1.o [1]
  .near_func.text    ro code  0x008938    0xbe  stm8s_adc1.o [1]
  .near_func.text    ro code  0x0089f6    0xb7  stm8s_adc1.o [1]
  .near_func.text    ro code  0x008aad    0x8a  led.o [1]
  .near_func.text    ro code  0x008b37    0x77  vreg_util.o [4]
  .near_func.text    ro code  0x008bae    0x67  stm8s_tim2.o [1]
  .near_func.text    ro code  0x008c15    0x59  stm8s_adc1.o [1]
  .near_func.text    ro code  0x008c6e    0x59  stm8s_tim2.o [1]
  .near_func.text    ro code  0x008cc7    0x55  stm8s_adc1.o [1]
  .near_func.text    ro code  0x008d1c    0x55  stm8s_adc1.o [1]
  .near_func.text    ro code  0x008d71    0x53  float.o [4]
  .near_func.text    ro code  0x008dc4    0x51  short.o [4]
  .near_func.text    ro code  0x008e15    0x3b  delay.o [1]
  .near_func.text    ro code  0x008e50    0x31  stm8s_adc1.o [1]
  .near_func.text    ro code  0x008e81    0x2f  stm8s_adc1.o [1]
  .near_func.text    ro code  0x008eb0    0x2f  stm8s_tim2.o [1]
  .near_func.text    ro code  0x008edf    0x2f  stm8s_tim2.o [1]
  .near_func.text    ro code  0x008f0e    0x28  init_small.o [4]
  .near.rodata       const    0x008f36    0x24  stm8s_adc1.o [1]
  .near.rodata       const    0x008f5a    0x24  stm8s_gpio.o [1]
  .near.rodata       const    0x008f7e    0x24  stm8s_tim2.o [1]
  .near_func.text    ro code  0x008fa2    0x24  main.o [1]
  .near_func.text    ro code  0x008fc6    0x23  adc.o [1]
  .iar.init_table    const    0x008fe9     0xa  - Linker created -
  .near_func.text    ro code  0x008ff3    0x1f  delay.o [1]
  .near_func.text    ro code  0x009012    0x1a  long_util.o [4]
  .near_func.text    ro code  0x00902c    0x14  stm8s_gpio.o [1]
  .near_func.text    ro code  0x009040    0x14  init.o [4]
  .near_func.text    ro code  0x009054    0x14  __dbg_xxexit.o [3]
  .near_func.text    ro code  0x009068    0x13  cstartup.o [4]
  Initializer bytes  const    0x00907b    0x10  <for P2-1>
  .near_func.text    ro code  0x00908b     0xe  dc_util.o [4]
  .near_func.text    ro code  0x009099     0xc  stm8s_tim2.o [1]
  .near_func.text    ro code  0x0090a5     0x7  stm8s_gpio.o [1]
  .near_func.text    ro code  0x0090ac     0x7  stm8s_gpio.o [1]
  .near_func.text    ro code  0x0090b3     0x5  stm8s_adc1.o [1]
  .near_func.text    ro code  0x0090b8     0x5  cexit.o [4]
  .near_func.text    ro code  0x0090bd     0x4  stm8s_gpio.o [1]
  .near_func.text    ro code  0x0090c1     0x3  interrupt.o [4]
  .near_func.text    ro code  0x0090c4     0x3  low_level_init.o [4]
  .near_func.text    ro code  0x0090c7     0x3  exit.o [4]
  .near_func.text    ro code  0x0090ca     0x3  unhandled_exception.o [4]
  .near_func.text    ro code  0x0090cd     0x2  main.o [1]
  .near_func.text    ro code  0x0090cf     0x1  stm8s_it.o [1]
  .near_func.text    ro code  0x0090d0     0x1  stm8s_it.o [1]
  .near_func.text    ro code  0x0090d1     0x1  stm8s_it.o [1]
  .near_func.text    ro code  0x0090d2     0x1  stm8s_it.o [1]
  .near_func.text    ro code  0x0090d3     0x1  stm8s_it.o [1]
  .near_func.text    ro code  0x0090d4     0x1  stm8s_it.o [1]
  .near_func.text    ro code  0x0090d5     0x1  stm8s_it.o [1]
  .near_func.text    ro code  0x0090d6     0x1  stm8s_it.o [1]
  .near_func.text    ro code  0x0090d7     0x1  stm8s_it.o [1]
  .near_func.text    ro code  0x0090d8     0x1  stm8s_it.o [1]
  .near_func.text    ro code  0x0090d9     0x1  stm8s_it.o [1]
  .near_func.text    ro code  0x0090da     0x1  stm8s_it.o [1]
  .near_func.text    ro code  0x0090db     0x1  stm8s_it.o [1]
  .near_func.text    ro code  0x0090dc     0x1  stm8s_it.o [1]
  .near_func.text    ro code  0x0090dd     0x1  stm8s_it.o [1]
  .near_func.text    ro code  0x0090de     0x1  stm8s_it.o [1]
  .near_func.text    ro code  0x0090df     0x1  stm8s_it.o [1]
  .near_func.text    ro code  0x0090e0     0x1  stm8s_it.o [1]
  .near_func.text    ro code  0x0090e1     0x1  stm8s_it.o [1]
  .near_func.text    ro code  0x0090e2     0x1  stm8s_it.o [1]
  .near_func.text    ro code  0x0090e3     0x1  __dbg_break.o [3]
                            - 0x0090e4  0x1064


*******************************************************************************
*** INIT TABLE
***

          Address   Size
          -------   ----
Copy (__iar_copy_init2)
    1 source range, total size 0x10:
          0x00907b  0x10
    1 destination range, total size 0x10:
          0x000010  0x10



*******************************************************************************
*** MODULE SUMMARY
***

    Module                 ro code  ro data  rw data
    ------                 -------  -------  -------
D:\stm8_project\p2\Debug\Obj: [1]
    adc.o                       35
    delay.o                     90
    led.o                      802
    main.o                     672       16       16
    stm8s_adc1.o             1 395       36
    stm8s_gpio.o               310       36
    stm8s_it.o                  20
    stm8s_tim2.o               298       36
    ------------------------------------------------
    Total:                   3 622      124       16

command line: [2]
    ------------------------------------------------
    Total:

dbgstm8smd.a: [3]
    __dbg_break.o                1
    __dbg_xxexit.o              20
    ------------------------------------------------
    Total:                      21

dlstm8smn.a: [4]
    cexit.o                      5
    cstartup.o                  19
    dc_util.o                   14
    exit.o                       3
    float.o                     83
    init.o                      20
    init_small.o                40
    interrupt.o                  3      128
    long_util.o                 26
    low_level_init.o             3
    short.o                     81
    unhandled_exception.o        3
    vreg_util.o                119
    vregs.o                                       16
    ------------------------------------------------
    Total:                     419      128       16

    Linker created                       10      256
----------------------------------------------------
    Grand Total:             4 062      262      288


*******************************************************************************
*** ENTRY LIST
***

Entry                    Address   Size  Type      Object
-----                    -------   ----  ----      ------
.iar.init_table$$Base   0x008fe9          --   Gb  - Linker created -
.iar.init_table$$Limit  0x008ff3          --   Gb  - Linker created -
?and16_x_x_dw           0x008dfb         Code  Gb  short.o [4]
?and16_x_x_w0           0x008dfe         Code  Gb  short.o [4]
?b0                     0x000000         Data  Gb  vregs.o [4]
?b1                     0x000001         Data  Gb  vregs.o [4]
?b10                    0x00000a         Data  Gb  vregs.o [4]
?b11                    0x00000b         Data  Gb  vregs.o [4]
?b12                    0x00000c         Data  Gb  vregs.o [4]
?b13                    0x00000d         Data  Gb  vregs.o [4]
?b14                    0x00000e         Data  Gb  vregs.o [4]
?b15                    0x00000f         Data  Gb  vregs.o [4]
?b2                     0x000002         Data  Gb  vregs.o [4]
?b3                     0x000003         Data  Gb  vregs.o [4]
?b4                     0x000004         Data  Gb  vregs.o [4]
?b5                     0x000005         Data  Gb  vregs.o [4]
?b6                     0x000006         Data  Gb  vregs.o [4]
?b7                     0x000007         Data  Gb  vregs.o [4]
?b8                     0x000008         Data  Gb  vregs.o [4]
?b9                     0x000009         Data  Gb  vregs.o [4]
?dc16_w0                0x00908b         Code  Gb  dc_util.o [4]
?e0                     0x000001         Data  Gb  vregs.o [4]
?e1                     0x000005         Data  Gb  vregs.o [4]
?e2                     0x000009         Data  Gb  vregs.o [4]
?e3                     0x00000d         Data  Gb  vregs.o [4]
?epilogue_l2            0x008ba6         Code  Gb  vreg_util.o [4]
?epilogue_l2_l3         0x008ba3         Code  Gb  vreg_util.o [4]
?epilogue_w4            0x008baa         Code  Gb  vreg_util.o [4]
?fcastf32u16_l0_x       0x008d71         Code  Gb  float.o [4]
?fcasts16f32_x_l0       0x008d8f         Code  Gb  float.o [4]
?l0                     0x000000         Data  Gb  vregs.o [4]
?l1                     0x000004         Data  Gb  vregs.o [4]
?l2                     0x000008         Data  Gb  vregs.o [4]
?l3                     0x00000c         Data  Gb  vregs.o [4]
?load32_0x_l0           0x00901e         Code  Gb  long_util.o [4]
?load32_l0_0x           0x009012         Code  Gb  long_util.o [4]
?mul16_x_x_w0           0x008dc4         Code  Gb  short.o [4]
?pop_l2                 0x008b85         Code  Gb  vreg_util.o [4]
?pop_l3                 0x008b90         Code  Gb  vreg_util.o [4]
?pop_w4                 0x008b4f         Code  Gb  vreg_util.o [4]
?push_l2                0x008b5e         Code  Gb  vreg_util.o [4]
?push_l3                0x008b63         Code  Gb  vreg_util.o [4]
?push_w4                0x008b37         Code  Gb  vreg_util.o [4]
?sdiv16_x_x_y           0x008de2         Code  Gb  short.o [4]
?sll16_x_x_4            0x008e10         Code  Gb  short.o [4]
?sll16_x_x_5            0x008e0f         Code  Gb  short.o [4]
?sll16_x_x_6            0x008e0e         Code  Gb  short.o [4]
?sll16_x_x_a            0x008e06         Code  Gb  short.o [4]
?w0                     0x000000         Data  Gb  vregs.o [4]
?w1                     0x000002         Data  Gb  vregs.o [4]
?w2                     0x000004         Data  Gb  vregs.o [4]
?w3                     0x000006         Data  Gb  vregs.o [4]
?w4                     0x000008         Data  Gb  vregs.o [4]
?w5                     0x00000a         Data  Gb  vregs.o [4]
?w6                     0x00000c         Data  Gb  vregs.o [4]
?w7                     0x00000e         Data  Gb  vregs.o [4]
ADC1_Cmd                0x008e81   0x2f  Code  Gb  stm8s_adc1.o [1]
ADC1_ConversionConfig   0x008938   0xbe  Code  Gb  stm8s_adc1.o [1]
ADC1_DeInit             0x008e50   0x31  Code  Gb  stm8s_adc1.o [1]
ADC1_ExternalTriggerConfig
                        0x008c15   0x59  Code  Gb  stm8s_adc1.o [1]
ADC1_GetConversionValue
                        0x008d1c   0x55  Code  Gb  stm8s_adc1.o [1]
ADC1_GetFlagStatus      0x0089f6   0xb7  Code  Gb  stm8s_adc1.o [1]
ADC1_IRQHandler         0x0090e0    0x1  Code  Gb  stm8s_it.o [1]
ADC1_Init               0x008592  0x19a  Code  Gb  stm8s_adc1.o [1]
ADC1_PrescalerConfig    0x008cc7   0x55  Code  Gb  stm8s_adc1.o [1]
ADC1_SchmittTriggerConfig
                        0x00883c   0xfc  Code  Gb  stm8s_adc1.o [1]
ADC1_StartConversion    0x0090b3    0x5  Code  Gb  stm8s_adc1.o [1]
AWU_IRQHandler          0x0090d1    0x1  Code  Gb  stm8s_it.o [1]
CLK_IRQHandler          0x0090d2    0x1  Code  Gb  stm8s_it.o [1]
CSTACK$$Base            0x000300          --   Gb  - Linker created -
CSTACK$$Limit           0x000400          --   Gb  - Linker created -
EEPROM_EEC_IRQHandler   0x0090e2    0x1  Code  Gb  stm8s_it.o [1]
EXTI_PORTA_IRQHandler   0x0090d3    0x1  Code  Gb  stm8s_it.o [1]
EXTI_PORTB_IRQHandler   0x0090d4    0x1  Code  Gb  stm8s_it.o [1]
EXTI_PORTC_IRQHandler   0x0090d5    0x1  Code  Gb  stm8s_it.o [1]
EXTI_PORTD_IRQHandler   0x0090d6    0x1  Code  Gb  stm8s_it.o [1]
EXTI_PORTE_IRQHandler   0x0090d7    0x1  Code  Gb  stm8s_it.o [1]
GPIO_DeInit             0x00902c   0x14  Code  Gb  stm8s_gpio.o [1]
GPIO_Init               0x00872c  0x110  Code  Gb  stm8s_gpio.o [1]
GPIO_ReadInputPin       0x0090ac    0x7  Code  Gb  stm8s_gpio.o [1]
GPIO_WriteHigh          0x0090a5    0x7  Code  Gb  stm8s_gpio.o [1]
GPIO_WriteLow           0x0090bd    0x4  Code  Gb  stm8s_gpio.o [1]
I2C_IRQHandler          0x0090df    0x1  Code  Gb  stm8s_it.o [1]
INTVEC$$Base            0x008000          --   Gb  - Linker created -
INTVEC$$Limit           0x008080          --   Gb  - Linker created -
Init_ADC                0x008fc6   0x23  Code  Gb  adc.o [1]
Region$$Table$$Base     0x008fe9          --   Gb  - Linker created -
Region$$Table$$Limit    0x008ff3          --   Gb  - Linker created -
SPI_IRQHandler          0x0090d8    0x1  Code  Gb  stm8s_it.o [1]
TIM1_CAP_COM_IRQHandler
                        0x0090da    0x1  Code  Gb  stm8s_it.o [1]
TIM1_UPD_OVF_TRG_BRK_IRQHandler
                        0x0090d9    0x1  Code  Gb  stm8s_it.o [1]
TIM2_CAP_COM_IRQHandler
                        0x0090dc    0x1  Code  Gb  stm8s_it.o [1]
TIM2_ClearFlag          0x008edf   0x2f  Code  Gb  stm8s_tim2.o [1]
TIM2_Cmd                0x008eb0   0x2f  Code  Gb  stm8s_tim2.o [1]
TIM2_DeInit             0x008c6e   0x59  Code  Gb  stm8s_tim2.o [1]
TIM2_GetFlagStatus      0x008bae   0x67  Code  Gb  stm8s_tim2.o [1]
TIM2_TimeBaseInit       0x009099    0xc  Code  Gb  stm8s_tim2.o [1]
TIM2_UPD_OVF_BRK_IRQHandler
                        0x0090db    0x1  Code  Gb  stm8s_it.o [1]
TIM4_UPD_OVF_IRQHandler
                        0x0090e1    0x1  Code  Gb  stm8s_it.o [1]
TLI_IRQHandler          0x0090d0    0x1  Code  Gb  stm8s_it.o [1]
TRAP_IRQHandler         0x0090cf    0x1  Code  Gb  stm8s_it.o [1]
UART1_RX_IRQHandler     0x0090de    0x1  Code  Gb  stm8s_it.o [1]
UART1_TX_IRQHandler     0x0090dd    0x1  Code  Gb  stm8s_it.o [1]
__DebugBreak            0x0090e3    0x1  Code  Gb  __dbg_break.o [3]
__exit                  0x009054   0x14  Code  Gb  __dbg_xxexit.o [3]
__iar_copy_init2        0x008f0e         Code  Gb  init_small.o [4]
__iar_data_init2        0x009040   0x14  Code  Gb  init.o [4]
__iar_program_start     0x009068         Code  Gb  cstartup.o [4]
__iar_unhandled_exception
                        0x0090ca         Code  Gb  unhandled_exception.o [4]
__intvec                0x008000         Data  Gb  interrupt.o [4]
__low_level_init        0x0090c4    0x3  Code  Gb  low_level_init.o [4]
_exit                   0x0090b8         Code  Gb  cexit.o [4]
_interrupt_1            0x0090cf         Code  Gb  stm8s_it.o [1]
_interrupt_12           0x0090d8         Code  Gb  stm8s_it.o [1]
_interrupt_13           0x0090d9         Code  Gb  stm8s_it.o [1]
_interrupt_14           0x0090da         Code  Gb  stm8s_it.o [1]
_interrupt_15           0x0090db         Code  Gb  stm8s_it.o [1]
_interrupt_16           0x0090dc         Code  Gb  stm8s_it.o [1]
_interrupt_19           0x0090dd         Code  Gb  stm8s_it.o [1]
_interrupt_2            0x0090d0         Code  Gb  stm8s_it.o [1]
_interrupt_20           0x0090de         Code  Gb  stm8s_it.o [1]
_interrupt_21           0x0090df         Code  Gb  stm8s_it.o [1]
_interrupt_24           0x0090e0         Code  Gb  stm8s_it.o [1]
_interrupt_25           0x0090e1         Code  Gb  stm8s_it.o [1]
_interrupt_26           0x0090e2         Code  Gb  stm8s_it.o [1]
_interrupt_3            0x0090d1         Code  Gb  stm8s_it.o [1]
_interrupt_4            0x0090d2         Code  Gb  stm8s_it.o [1]
_interrupt_5            0x0090d3         Code  Gb  stm8s_it.o [1]
_interrupt_6            0x0090d4         Code  Gb  stm8s_it.o [1]
_interrupt_7            0x0090d5         Code  Gb  stm8s_it.o [1]
_interrupt_8            0x0090d6         Code  Gb  stm8s_it.o [1]
_interrupt_9            0x0090d7         Code  Gb  stm8s_it.o [1]
adc                     0x00001a    0x2  Data  Gb  main.o [1]
add                     0x000012    0x1  Data  Gb  main.o [1]
amp                     0x000011    0x1  Data  Gb  main.o [1]
assert_failed           0x0090cd    0x2  Code  Gb  main.o [1]
cnt                     0x000016    0x2  Data  Gb  main.o [1]
confirm                 0x000014    0x1  Data  Gb  main.o [1]
delay                   0x000010    0x1  Data  Gb  main.o [1]
delay_s                 0x008ff3   0x1f  Code  Gb  delay.o [1]
delay_us                0x008e15   0x3b  Code  Gb  delay.o [1]
exit                    0x0090c7    0x3  Code  Gb  exit.o [4]
key_init                0x008fa2   0x24  Code  Gb  main.o [1]
led_all_off             0x0080c0   0x40  Code  Gb  led.o [1]
led_all_on              0x008080   0x40  Code  Gb  led.o [1]
led_conf                0x008aad   0x8a  Code  Gb  led.o [1]
led_control             0x008100  0x10d  Code  Gb  led.o [1]
led_num                 0x00820d  0x10b  Code  Gb  led.o [1]
main                    0x008318  0x27a  Code  Gb  main.o [1]
max                     0x000018    0x2  Data  Gb  main.o [1]
onoff                   0x000015    0x1  Data  Gb  main.o [1]
real                    0x00001c    0x4  Data  Gb  main.o [1]
sub                     0x000013    0x1  Data  Gb  main.o [1]


[1] = D:\stm8_project\p2\Debug\Obj
[2] = command line
[3] = dbgstm8smd.a
[4] = dlstm8smn.a

  4 062 bytes of readonly  code memory
    262 bytes of readonly  data memory
    288 bytes of readwrite data memory

Errors: none
Warnings: none
